INFO: Starting at 2019-08-09 18:04:14.603538
INFO: Running Model
INFO: Will complete 2 iterations of 100000 packets.
INFO: Starting iteration #1 of 2
